{"url":"https://checkout.stripe.com/c/pay/cs_test_a1yYrUA1iWusNFVhHFdESIECtDZTiGVCs7cJYoRsOU6JUoskJ3ISI5lbBr#fidnandhYHdWcXxpYCc%2FJ2FgY2RwaXEnKSdkdWxOYHwnPyd1blpxYHZxWjA0VnxnS2pJaExTcjJPbG5iYElCTE1jY2ZnNFxBS0phQFxhfEhKQU9oY3VkNkM1fWB2VEY8aUNfRHRQRnxvUjxmaXZgZ01uckpmMXZdcXVyXE8wTkZ8RDRoNTVUZ29VbGhoYycpJ2N3amhWYHdzYHcnP3F3cGApJ2dkZm5id2pwa2FGamlqdyc%2FJyZjY2NjY2MnKSdpZHxqcHFRfHVgJz8ndmxrYmlgWmxxYGgnKSdga2RnaWBVaWRmYG1qaWFgd3YnP3F3cGB4JSUl"}